// Vitest Snapshot v1, https://vitest.dev/guide/snapshot.html

exports[`ErrorNode > basic > getNodeDisplayFile 1`] = `
"from uuid import UUID

from vellum_ee.workflows.display.nodes import BaseErrorNodeDisplay
from vellum_ee.workflows.display.vellum import NodeDisplayData, NodeDisplayPosition

from ...nodes.error_node import ErrorNode


class ErrorNodeDisplay(BaseErrorNodeDisplay[ErrorNode]):
    name = "error-node"
    node_id = UUID("2cd960a3-cb8a-43ed-9e3f-f003fc480951")
    label = "Error Node"
    error_output_id = UUID("69250713-617d-42a4-9326-456c70d0ef20")
    target_handle_id = UUID("370d712d-3369-424e-bcf7-f4da1aef3928")
    node_input_ids_by_name = {
        "error_source_input_id": UUID("d2287fee-98fb-421c-9464-e54d8f70f046")
    }
    display_data = NodeDisplayData(
        position=NodeDisplayPosition(x=0, y=0), width=None, height=None
    )
"
`;

exports[`ErrorNode > basic > getNodeFile 1`] = `
"from vellum import VellumError
from vellum.workflows.nodes.displayable import ErrorNode as BaseErrorNode


class ErrorNode(BaseErrorNode):
    error = VellumError(message="Something went wrong!", code="USER_DEFINED_ERROR")
"
`;

exports[`ErrorNode > should codegen successfully without error source inputs > getNodeDisplayFile 1`] = `
"from uuid import UUID

from vellum_ee.workflows.display.nodes import BaseErrorNodeDisplay
from vellum_ee.workflows.display.vellum import NodeDisplayData, NodeDisplayPosition

from ...nodes.error_node import ErrorNode


class ErrorNodeDisplay(BaseErrorNodeDisplay[ErrorNode]):
    name = "error-node"
    node_id = UUID("2cd960a3-cb8a-43ed-9e3f-f003fc480951")
    label = "Error Node"
    error_output_id = UUID("69250713-617d-42a4-9326-456c70d0ef20")
    target_handle_id = UUID("370d712d-3369-424e-bcf7-f4da1aef3928")
    node_input_ids_by_name = {}
    display_data = NodeDisplayData(
        position=NodeDisplayPosition(x=0, y=0), width=None, height=None
    )
"
`;

exports[`ErrorNode > should codegen successfully without error source inputs > getNodeFile 1`] = `
"from vellum.workflows.nodes.displayable import ErrorNode as BaseErrorNode


class ErrorNode(BaseErrorNode):
    pass
"
`;
