// Vitest Snapshot v1, https://vitest.dev/guide/snapshot.html

exports[`MergeNode > basic > getNodeDisplayFile 1`] = `
"from uuid import UUID

from vellum_ee.workflows.display.editor import NodeDisplayData, NodeDisplayPosition
from vellum_ee.workflows.display.nodes import BaseMergeNodeDisplay
from vellum_ee.workflows.display.nodes.types import PortDisplayOverrides

from ...nodes.merge_node import MergeNode


class MergeNodeDisplay(BaseMergeNodeDisplay[MergeNode]):
    label = "Merge Node"
    node_id = UUID("merge-node-1")
    target_handle_ids = [UUID("target-handle-id-1"), UUID("target-handle-id-2")]
    node_input_ids_by_name = {}
    port_displays = {
        MergeNode.Ports.default: PortDisplayOverrides(id=UUID("source-handle-id"))
    }
    display_data = NodeDisplayData(
        position=NodeDisplayPosition(x=0, y=0), width=None, height=None
    )
"
`;

exports[`MergeNode > basic > getNodeFile 1`] = `
"from vellum.workflows.nodes.displayable import MergeNode as BaseMergeNode
from vellum.workflows.types import MergeBehavior


class MergeNode(BaseMergeNode):
    class Trigger(BaseMergeNode.Trigger):
        merge_behavior = MergeBehavior.AWAIT_ALL
"
`;
