// Vitest Snapshot v1, https://vitest.dev/guide/snapshot.html

exports[`NoteNode > basic > getNodeDisplayFile 1`] = `
"from vellum_ee.workflows.display.editor import NodeDisplayData, NodeDisplayPosition
from vellum_ee.workflows.display.nodes import BaseNoteNodeDisplay

from ...nodes.note_node import NoteNode


class NoteNodeDisplay(BaseNoteNodeDisplay[NoteNode]):
    text = "This is a note"
    style = {
        "color": "red",
        "fontSize": 12,
        "fontWeight": "bold",
    }
    display_data = NodeDisplayData(
        position=NodeDisplayPosition(x=0, y=0), width=None, height=None
    )
"
`;

exports[`NoteNode > basic > getNodeFile 1`] = `
"from vellum.workflows.nodes.displayable import NoteNode as BaseNoteNode


class NoteNode(BaseNoteNode):
    pass
"
`;
