// Vitest Snapshot v1, https://vitest.dev/guide/snapshot.html

exports[`VellumVariableField > ArrayVellumVariable snapshot 1`] = `
"test: List[VellumValue]
"
`;

exports[`VellumVariableField > ChatHistoryVellumVariable snapshot 1`] = `
"test: List[ChatMessage]
"
`;

exports[`VellumVariableField > DocumentVellumVariable snapshot 1`] = `
"test: VellumDocument
"
`;

exports[`VellumVariableField > ErrorVellumVariable snapshot 1`] = `
"test: VellumError
"
`;

exports[`VellumVariableField > FunctionCallVellumVariable snapshot 1`] = `
"test: FunctionCall
"
`;

exports[`VellumVariableField > ImageVellumVariable snapshot 1`] = `
"test: VellumImage
"
`;

exports[`VellumVariableField > JsonVellumVariable snapshot 1`] = `
"test: Any
"
`;

exports[`VellumVariableField > NullVellumVariable snapshot 1`] = `
"test: None
"
`;

exports[`VellumVariableField > NumberVellumVariable snapshot 1`] = `
"test: Union[float, int]
"
`;

exports[`VellumVariableField > OptionalVellumVariable defaultRequired=false snapshot 1`] = `
"test: Optional[str] = None
"
`;

exports[`VellumVariableField > OptionalVellumVariable defaultRequired=true snapshot 1`] = `
"test: str
"
`;

exports[`VellumVariableField > SearchResultsVellumVariable snapshot 1`] = `
"test: List[SearchResult]
"
`;

exports[`VellumVariableField > StringVellumVariable snapshot 1`] = `
"test: str
"
`;
