// Vitest Snapshot v1, https://vitest.dev/guide/snapshot.html

exports[`VellumValue > ARRAY > should write a ARRAY value correctly 1`] = `
"[
    "Hello, World!",
    42,
    VellumAudio(src="https://example.com/audio.mp3"),
]
"
`;

exports[`VellumValue > AUDIO > should write a AUDIO value correctly 1`] = `
"VellumAudio(src="https://example.com/audio.mp3")
"
`;

exports[`VellumValue > CHAT_HISTORY > should write a CHAT_HISTORY value with a string content 1`] = `"[ChatMessage(role="USER", content=StringChatMessageContent(value="Hello, AI!")),]"`;

exports[`VellumValue > CHAT_HISTORY > should write a CHAT_HISTORY value with just text 1`] = `"[ChatMessage(role="USER", text="Hello, AI!"),]"`;

exports[`VellumValue > CHAT_HISTORY > should write empty list when CHAT_HISTORY value is empty list 1`] = `"[]"`;

exports[`VellumValue > CHAT_HISTORY > should write nothing when CHAT_HISTORY value is null 1`] = `"None"`;

exports[`VellumValue > ERROR > should write a ERROR value correctly 1`] = `
"VellumError(message="This is an error!", code="INTERNAL_SERVER_ERROR")
"
`;

exports[`VellumValue > FUNCTION_CALL > should write a FUNCTION_CALL value correctly 1`] = `
"FunctionCall(
    arguments={
        "key": "value",
    },
    name="test",
    id="123",
)
"
`;

exports[`VellumValue > IMAGE > should write a IMAGE value correctly 1`] = `
"VellumImage(src="https://example.com/image.png")
"
`;

exports[`VellumValue > JSON > should write a JSON value correctly 1`] = `
"{
    "key": "value",
    "nested": {
        "array": [
            1,
            2,
            3,
        ],
    },
}
"
`;

exports[`VellumValue > NUMBER > should write a NUMBER value correctly 1`] = `
"42
"
`;

exports[`VellumValue > SEARCH_RESULTS > should write a SEARCH_RESULTS value correctly 1`] = `
"[
    SearchResult(
        text="Hello, World!",
        score=0.5,
        keywords=["hello", "world"],
        document=Document(id="123", label="Example Document"),
    ),
    SearchResult(
        text="Hello, AI!",
        score=0.7,
        keywords=["hello", "ai"],
        document=Document(id="456", label="Another Document"),
    ),
]
"
`;

exports[`VellumValue > STRING > should write a STRING value correctly 1`] = `
""Hello, World!"
"
`;
