// Vitest Snapshot v1, https://vitest.dev/guide/snapshot.html

exports[`InputVariablePointer > should generate correct Python code 1`] = `
"Inputs.testVariable
"
`;

exports[`InputVariablePointer > should handle when it's referencing an input variable that no longer exists 1`] = `
"None
"
`;
