// Vitest Snapshot v1, https://vitest.dev/guide/snapshot.html

exports[`ConstantValueReferencePointer > should generate correct AST for string constant value reference 1`] = `
""test-value"
"
`;
