// Vitest Snapshot v1, https://vitest.dev/guide/snapshot.html

exports[`NodeOutputWorkflowReferencePointer > should generate correct AST for node output reference 1`] = `
"TestNode.Outputs.my_output
"
`;
