// Vitest Snapshot v1, https://vitest.dev/guide/snapshot.html

exports[`StateValueDescriptorReference > should generate correct AST for workflow input reference 1`] = `
"State.testVariable
"
`;
