// Vitest Snapshot v1, https://vitest.dev/guide/snapshot.html

exports[`VellumSecretWorkflowReferencePointer > should generate correct AST for vellum secret reference 1`] = `
"VellumSecretReference("test-secret")
"
`;
